Calling a string from %r puts that string in single quotation marks
